mode: set
github.com/FLYR-Open-Source/datadogtagsprocessor/datadogtagsprocessor/internal/logs/logs.go:15.69,16.17 1 1
github.com/FLYR-Open-Source/datadogtagsprocessor/datadogtagsprocessor/internal/logs/logs.go:17.35,18.14 1 1
github.com/FLYR-Open-Source/datadogtagsprocessor/datadogtagsprocessor/internal/logs/logs.go:19.10,20.15 1 1
github.com/FLYR-Open-Source/datadogtagsprocessor/datadogtagsprocessor/internal/logs/logs.go:24.59,26.2 1 1
github.com/FLYR-Open-Source/datadogtagsprocessor/datadogtagsprocessor/internal/logs/logs.go:28.104,29.50 1 1
github.com/FLYR-Open-Source/datadogtagsprocessor/datadogtagsprocessor/internal/logs/logs.go:29.50,36.36 5 1
github.com/FLYR-Open-Source/datadogtagsprocessor/datadogtagsprocessor/internal/logs/logs.go:36.36,39.4 1 1
github.com/FLYR-Open-Source/datadogtagsprocessor/datadogtagsprocessor/internal/logs/logs.go:41.3,41.48 1 1
github.com/FLYR-Open-Source/datadogtagsprocessor/datadogtagsprocessor/internal/logs/logs.go:41.48,44.36 2 1
github.com/FLYR-Open-Source/datadogtagsprocessor/datadogtagsprocessor/internal/logs/logs.go:44.36,50.5 1 1
github.com/FLYR-Open-Source/datadogtagsprocessor/datadogtagsprocessor/internal/logs/logs.go:53.3,54.34 1 1
github.com/FLYR-Open-Source/datadogtagsprocessor/datadogtagsprocessor/internal/logs/logs.go:54.34,55.46 1 1
github.com/FLYR-Open-Source/datadogtagsprocessor/datadogtagsprocessor/internal/logs/logs.go:55.46,57.5 1 1
github.com/FLYR-Open-Source/datadogtagsprocessor/datadogtagsprocessor/internal/logs/logs.go:61.2,61.12 1 1
github.com/FLYR-Open-Source/datadogtagsprocessor/datadogtagsprocessor/internal/logs/logs.go:64.70,66.2 1 1
github.com/FLYR-Open-Source/datadogtagsprocessor/datadogtagsprocessor/internal/logs/processor.go:19.123,22.39 2 1
github.com/FLYR-Open-Source/datadogtagsprocessor/datadogtagsprocessor/internal/logs/processor.go:22.39,27.3 1 1
github.com/FLYR-Open-Source/datadogtagsprocessor/datadogtagsprocessor/internal/logs/processor.go:29.2,32.8 1 1
github.com/FLYR-Open-Source/datadogtagsprocessor/datadogtagsprocessor/internal/logs/processor.go:35.87,36.31 1 1
github.com/FLYR-Open-Source/datadogtagsprocessor/datadogtagsprocessor/internal/logs/processor.go:36.31,38.17 2 1
github.com/FLYR-Open-Source/datadogtagsprocessor/datadogtagsprocessor/internal/logs/processor.go:38.17,41.4 2 1
github.com/FLYR-Open-Source/datadogtagsprocessor/datadogtagsprocessor/internal/logs/processor.go:43.2,43.16 1 1
github.com/FLYR-Open-Source/datadogtagsprocessor/datadogtagsprocessor/internal/logs/processor.go:46.57,49.31 2 1
github.com/FLYR-Open-Source/datadogtagsprocessor/datadogtagsprocessor/internal/logs/processor.go:49.31,50.63 1 1
github.com/FLYR-Open-Source/datadogtagsprocessor/datadogtagsprocessor/internal/logs/processor.go:50.63,52.18 2 1
github.com/FLYR-Open-Source/datadogtagsprocessor/datadogtagsprocessor/internal/logs/processor.go:52.18,55.5 2 1
github.com/FLYR-Open-Source/datadogtagsprocessor/datadogtagsprocessor/internal/logs/processor.go:58.2,58.15 1 1
github.com/FLYR-Open-Source/datadogtagsprocessor/datadogtagsprocessor/internal/traces/processor.go:19.123,22.39 2 1
github.com/FLYR-Open-Source/datadogtagsprocessor/datadogtagsprocessor/internal/traces/processor.go:22.39,27.3 1 1
github.com/FLYR-Open-Source/datadogtagsprocessor/datadogtagsprocessor/internal/traces/processor.go:29.2,32.8 1 1
github.com/FLYR-Open-Source/datadogtagsprocessor/datadogtagsprocessor/internal/traces/processor.go:35.97,36.31 1 1
github.com/FLYR-Open-Source/datadogtagsprocessor/datadogtagsprocessor/internal/traces/processor.go:36.31,38.17 2 1
github.com/FLYR-Open-Source/datadogtagsprocessor/datadogtagsprocessor/internal/traces/processor.go:38.17,41.4 2 1
github.com/FLYR-Open-Source/datadogtagsprocessor/datadogtagsprocessor/internal/traces/processor.go:43.2,43.16 1 1
github.com/FLYR-Open-Source/datadogtagsprocessor/datadogtagsprocessor/internal/traces/processor.go:46.57,49.31 2 1
github.com/FLYR-Open-Source/datadogtagsprocessor/datadogtagsprocessor/internal/traces/processor.go:49.31,50.63 1 1
github.com/FLYR-Open-Source/datadogtagsprocessor/datadogtagsprocessor/internal/traces/processor.go:50.63,52.18 2 1
github.com/FLYR-Open-Source/datadogtagsprocessor/datadogtagsprocessor/internal/traces/processor.go:52.18,55.5 2 1
github.com/FLYR-Open-Source/datadogtagsprocessor/datadogtagsprocessor/internal/traces/processor.go:58.2,58.15 1 1
github.com/FLYR-Open-Source/datadogtagsprocessor/datadogtagsprocessor/internal/traces/traces.go:15.71,16.17 1 1
github.com/FLYR-Open-Source/datadogtagsprocessor/datadogtagsprocessor/internal/traces/traces.go:17.36,18.14 1 1
github.com/FLYR-Open-Source/datadogtagsprocessor/datadogtagsprocessor/internal/traces/traces.go:19.10,20.15 1 1
github.com/FLYR-Open-Source/datadogtagsprocessor/datadogtagsprocessor/internal/traces/traces.go:24.61,26.2 1 1
github.com/FLYR-Open-Source/datadogtagsprocessor/datadogtagsprocessor/internal/traces/traces.go:28.112,30.53 1 1
github.com/FLYR-Open-Source/datadogtagsprocessor/datadogtagsprocessor/internal/traces/traces.go:30.53,37.36 5 1
github.com/FLYR-Open-Source/datadogtagsprocessor/datadogtagsprocessor/internal/traces/traces.go:37.36,40.4 1 1
github.com/FLYR-Open-Source/datadogtagsprocessor/datadogtagsprocessor/internal/traces/traces.go:42.3,42.50 1 1
github.com/FLYR-Open-Source/datadogtagsprocessor/datadogtagsprocessor/internal/traces/traces.go:42.50,45.38 2 1
github.com/FLYR-Open-Source/datadogtagsprocessor/datadogtagsprocessor/internal/traces/traces.go:45.38,51.5 1 1
github.com/FLYR-Open-Source/datadogtagsprocessor/datadogtagsprocessor/internal/traces/traces.go:54.3,55.34 1 1
github.com/FLYR-Open-Source/datadogtagsprocessor/datadogtagsprocessor/internal/traces/traces.go:55.34,56.46 1 1
github.com/FLYR-Open-Source/datadogtagsprocessor/datadogtagsprocessor/internal/traces/traces.go:56.46,58.5 1 1
github.com/FLYR-Open-Source/datadogtagsprocessor/datadogtagsprocessor/internal/traces/traces.go:62.2,62.12 1 1
github.com/FLYR-Open-Source/datadogtagsprocessor/datadogtagsprocessor/internal/traces/traces.go:65.76,67.2 1 1
github.com/FLYR-Open-Source/datadogtagsprocessor/datadogtagsprocessor/config.go:20.35,23.32 2 1
github.com/FLYR-Open-Source/datadogtagsprocessor/datadogtagsprocessor/config.go:23.32,26.40 2 1
github.com/FLYR-Open-Source/datadogtagsprocessor/datadogtagsprocessor/config.go:26.40,29.18 2 1
github.com/FLYR-Open-Source/datadogtagsprocessor/datadogtagsprocessor/config.go:29.18,31.5 1 1
github.com/FLYR-Open-Source/datadogtagsprocessor/datadogtagsprocessor/config.go:35.2,35.30 1 1
github.com/FLYR-Open-Source/datadogtagsprocessor/datadogtagsprocessor/config.go:35.30,38.38 2 1
github.com/FLYR-Open-Source/datadogtagsprocessor/datadogtagsprocessor/config.go:38.38,41.18 2 1
github.com/FLYR-Open-Source/datadogtagsprocessor/datadogtagsprocessor/config.go:41.18,43.5 1 1
github.com/FLYR-Open-Source/datadogtagsprocessor/datadogtagsprocessor/config.go:47.2,47.15 1 1
github.com/FLYR-Open-Source/datadogtagsprocessor/datadogtagsprocessor/factory.go:17.37,24.2 1 1
github.com/FLYR-Open-Source/datadogtagsprocessor/datadogtagsprocessor/factory.go:26.45,28.2 1 1
github.com/FLYR-Open-Source/datadogtagsprocessor/datadogtagsprocessor/factory.go:30.142,32.9 2 1
github.com/FLYR-Open-Source/datadogtagsprocessor/datadogtagsprocessor/factory.go:32.9,34.3 1 0
github.com/FLYR-Open-Source/datadogtagsprocessor/datadogtagsprocessor/factory.go:36.2,37.16 2 1
github.com/FLYR-Open-Source/datadogtagsprocessor/datadogtagsprocessor/factory.go:37.16,39.3 1 0
github.com/FLYR-Open-Source/datadogtagsprocessor/datadogtagsprocessor/factory.go:41.2,49.3 1 1
github.com/FLYR-Open-Source/datadogtagsprocessor/datadogtagsprocessor/factory.go:52.136,54.9 2 1
github.com/FLYR-Open-Source/datadogtagsprocessor/datadogtagsprocessor/factory.go:54.9,56.3 1 0
github.com/FLYR-Open-Source/datadogtagsprocessor/datadogtagsprocessor/factory.go:58.2,59.16 2 1
github.com/FLYR-Open-Source/datadogtagsprocessor/datadogtagsprocessor/factory.go:59.16,61.3 1 0
github.com/FLYR-Open-Source/datadogtagsprocessor/datadogtagsprocessor/factory.go:63.2,71.3 1 1
github.com/FLYR-Open-Source/datadogtagsprocessor/datadogtagsprocessor/internal/extraction/extract.go:17.57,19.2 1 1
github.com/FLYR-Open-Source/datadogtagsprocessor/datadogtagsprocessor/internal/extraction/extract.go:21.55,24.34 2 1
github.com/FLYR-Open-Source/datadogtagsprocessor/datadogtagsprocessor/internal/extraction/extract.go:24.34,25.51 1 1
github.com/FLYR-Open-Source/datadogtagsprocessor/datadogtagsprocessor/internal/extraction/extract.go:25.51,27.4 1 1
github.com/FLYR-Open-Source/datadogtagsprocessor/datadogtagsprocessor/internal/extraction/extract.go:30.2,30.19 1 1
github.com/FLYR-Open-Source/datadogtagsprocessor/datadogtagsprocessor/internal/extraction/extract.go:33.78,36.38 2 1
github.com/FLYR-Open-Source/datadogtagsprocessor/datadogtagsprocessor/internal/extraction/extract.go:36.38,37.40 1 1
github.com/FLYR-Open-Source/datadogtagsprocessor/datadogtagsprocessor/internal/extraction/extract.go:37.40,38.65 1 1
github.com/FLYR-Open-Source/datadogtagsprocessor/datadogtagsprocessor/internal/extraction/extract.go:38.65,40.10 2 1
github.com/FLYR-Open-Source/datadogtagsprocessor/datadogtagsprocessor/internal/extraction/extract.go:45.2,45.13 1 1
github.com/FLYR-Open-Source/datadogtagsprocessor/datadogtagsprocessor/internal/extraction/extract.go:48.93,51.14 2 1
github.com/FLYR-Open-Source/datadogtagsprocessor/datadogtagsprocessor/internal/extraction/extract.go:51.14,53.3 1 1
github.com/FLYR-Open-Source/datadogtagsprocessor/datadogtagsprocessor/internal/extraction/extract.go:55.2,55.44 1 1
github.com/FLYR-Open-Source/datadogtagsprocessor/datadogtagsprocessor/internal/extraction/extract.go:55.44,57.3 1 1
github.com/FLYR-Open-Source/datadogtagsprocessor/datadogtagsprocessor/internal/extraction/extract.go:59.2,59.12 1 1
github.com/FLYR-Open-Source/datadogtagsprocessor/datadogtagsprocessor/internal/extraction/extract.go:62.54,64.8 2 1
github.com/FLYR-Open-Source/datadogtagsprocessor/datadogtagsprocessor/internal/extraction/extract.go:64.8,66.3 1 1
github.com/FLYR-Open-Source/datadogtagsprocessor/datadogtagsprocessor/internal/extraction/extract.go:68.2,68.44 1 1
github.com/FLYR-Open-Source/datadogtagsprocessor/datadogtagsprocessor/internal/extraction/extract.go:71.71,74.27 2 1
github.com/FLYR-Open-Source/datadogtagsprocessor/datadogtagsprocessor/internal/extraction/extract.go:74.27,76.9 2 1
github.com/FLYR-Open-Source/datadogtagsprocessor/datadogtagsprocessor/internal/extraction/extract.go:76.9,78.4 1 1
github.com/FLYR-Open-Source/datadogtagsprocessor/datadogtagsprocessor/internal/extraction/extract.go:81.2,81.15 1 1
github.com/FLYR-Open-Source/datadogtagsprocessor/datadogtagsprocessor/internal/extraction/extract.go:84.56,87.31 2 1
github.com/FLYR-Open-Source/datadogtagsprocessor/datadogtagsprocessor/internal/extraction/extract.go:87.31,89.3 1 1
github.com/FLYR-Open-Source/datadogtagsprocessor/datadogtagsprocessor/internal/extraction/extract.go:92.119,94.74 2 1
github.com/FLYR-Open-Source/datadogtagsprocessor/datadogtagsprocessor/internal/extraction/extract.go:94.74,96.3 1 1
github.com/FLYR-Open-Source/datadogtagsprocessor/datadogtagsprocessor/internal/extraction/extract.go:98.2,98.50 1 1
github.com/FLYR-Open-Source/datadogtagsprocessor/datadogtagsprocessor/internal/extraction/extract.go:98.50,101.3 2 1
github.com/FLYR-Open-Source/datadogtagsprocessor/datadogtagsprocessor/internal/extraction/extract.go:103.2,104.36 2 1
github.com/FLYR-Open-Source/datadogtagsprocessor/datadogtagsprocessor/internal/extraction/extract.go:111.3,112.35 1 1
github.com/FLYR-Open-Source/datadogtagsprocessor/datadogtagsprocessor/internal/extraction/extract.go:112.35,113.42 1 1
github.com/FLYR-Open-Source/datadogtagsprocessor/datadogtagsprocessor/internal/extraction/extract.go:113.42,115.4 1 1
github.com/FLYR-Open-Source/datadogtagsprocessor/datadogtagsprocessor/internal/extraction/extract.go:116.3,116.9 1 1
github.com/FLYR-Open-Source/datadogtagsprocessor/datadogtagsprocessor/internal/extraction/extract.go:119.2,121.33 2 1
github.com/FLYR-Open-Source/datadogtagsprocessor/datadogtagsprocessor/internal/extraction/extract.go:121.33,123.3 1 1
github.com/FLYR-Open-Source/datadogtagsprocessor/datadogtagsprocessor/internal/extraction/extract.go:125.2,125.28 1 1
github.com/FLYR-Open-Source/datadogtagsprocessor/datadogtagsprocessor/internal/extraction/extract.go:125.28,126.37 1 1
github.com/FLYR-Open-Source/datadogtagsprocessor/datadogtagsprocessor/internal/extraction/extract.go:126.37,128.4 1 1
github.com/FLYR-Open-Source/datadogtagsprocessor/datadogtagsprocessor/internal/extraction/lookup.go:13.22,17.2 1 1
github.com/FLYR-Open-Source/datadogtagsprocessor/datadogtagsprocessor/internal/extraction/lookup.go:19.35,24.26 4 1
github.com/FLYR-Open-Source/datadogtagsprocessor/datadogtagsprocessor/internal/extraction/lookup.go:24.26,26.10 2 1
github.com/FLYR-Open-Source/datadogtagsprocessor/datadogtagsprocessor/internal/extraction/lookup.go:26.10,29.4 2 1
github.com/FLYR-Open-Source/datadogtagsprocessor/datadogtagsprocessor/internal/extraction/lookup.go:31.3,32.43 2 1
github.com/FLYR-Open-Source/datadogtagsprocessor/datadogtagsprocessor/internal/extraction/lookup.go:35.2,35.23 1 1
github.com/FLYR-Open-Source/datadogtagsprocessor/datadogtagsprocessor/internal/extraction/lookup.go:38.50,39.21 1 1
github.com/FLYR-Open-Source/datadogtagsprocessor/datadogtagsprocessor/internal/extraction/lookup.go:39.21,41.3 1 1
github.com/FLYR-Open-Source/datadogtagsprocessor/datadogtagsprocessor/internal/extraction/lookup.go:43.2,46.26 3 1
github.com/FLYR-Open-Source/datadogtagsprocessor/datadogtagsprocessor/internal/extraction/lookup.go:46.26,48.10 2 1
github.com/FLYR-Open-Source/datadogtagsprocessor/datadogtagsprocessor/internal/extraction/lookup.go:48.10,50.4 1 1
github.com/FLYR-Open-Source/datadogtagsprocessor/datadogtagsprocessor/internal/extraction/lookup.go:51.3,51.18 1 1
github.com/FLYR-Open-Source/datadogtagsprocessor/datadogtagsprocessor/internal/extraction/lookup.go:54.2,54.21 1 1
github.com/FLYR-Open-Source/datadogtagsprocessor/datadogtagsprocessor/internal/validator/validator.go:13.83,17.2 1 1
github.com/FLYR-Open-Source/datadogtagsprocessor/datadogtagsprocessor/internal/validator/validator.go:19.75,21.26 1 1
github.com/FLYR-Open-Source/datadogtagsprocessor/datadogtagsprocessor/internal/validator/validator.go:21.26,23.3 1 1
github.com/FLYR-Open-Source/datadogtagsprocessor/datadogtagsprocessor/internal/validator/validator.go:25.2,25.44 1 1
github.com/FLYR-Open-Source/datadogtagsprocessor/datadogtagsprocessor/internal/validator/validator.go:25.44,27.3 1 1
github.com/FLYR-Open-Source/datadogtagsprocessor/datadogtagsprocessor/internal/validator/validator.go:29.2,29.29 1 1
github.com/FLYR-Open-Source/datadogtagsprocessor/datadogtagsprocessor/internal/validator/validator.go:29.29,31.3 1 1
github.com/FLYR-Open-Source/datadogtagsprocessor/datadogtagsprocessor/internal/validator/validator.go:33.2,33.12 1 1
github.com/FLYR-Open-Source/datadogtagsprocessor/datadogtagsprocessor/internal/config/config.go:16.49,18.13 2 0
github.com/FLYR-Open-Source/datadogtagsprocessor/datadogtagsprocessor/internal/config/config.go:19.19,21.13 2 0
github.com/FLYR-Open-Source/datadogtagsprocessor/datadogtagsprocessor/internal/config/config.go:22.10,23.46 1 0
github.com/FLYR-Open-Source/datadogtagsprocessor/datadogtagsprocessor/internal/config/config.go:35.54,37.13 2 0
github.com/FLYR-Open-Source/datadogtagsprocessor/datadogtagsprocessor/internal/config/config.go:38.27,40.13 2 0
github.com/FLYR-Open-Source/datadogtagsprocessor/datadogtagsprocessor/internal/config/config.go:41.10,42.47 1 0
github.com/FLYR-Open-Source/datadogtagsprocessor/datadogtagsprocessor/internal/config/config.go:46.37,48.2 1 0
github.com/FLYR-Open-Source/datadogtagsprocessor/datadogtagsprocessor/internal/config/config.go:50.36,52.2 1 0
